00:00 +0: loading D:/AndroidFiles/Projects/LocalSync3/test/widget_test.dart
00:00 +0: App smoke test
══╡ EXCEPTION CAUGHT BY WIDGETS LIBRARY ╞═══════════════════════════════════════════════════════════
The following FirebaseException was thrown building DefaultSelectionStyle:
[core/no-app] No Firebase App '[DEFAULT]' has been created - call Firebase.initializeApp()

The relevant error-causing widget was:
  MaterialApp MaterialApp:file:///D:/AndroidFiles/Projects/LocalSync3/lib/main.dart:97:24

When the exception was thrown, this was the stack:
#1      AsyncError.value (package:riverpod/src/common.dart:495:7)
#2      routerProvider.<anonymous closure>.<anonymous closure> (package:localsync/core/navigation/app_router.dart:332:36)
#3      RouteConfiguration.redirect.processRedirect (package:go_router/src/configuration.dart:482:80)
#4      RouteConfiguration.redirect (package:go_router/src/configuration.dart:494:14)
#5      GoRouteInformationParser._redirect (package:go_router/src/parser.dart:157:10)
#6      GoRouteInformationParser.parseRouteInformationWithDependencies (package:go_router/src/parser.dart:98:32)
#7      _RouterState._processRouteInformation (package:flutter/src/widgets/router.dart:778:10)
#8      _RouterState.restoreState (package:flutter/src/widgets/router.dart:635:7)
#9      RestorationMixin._doRestore (package:flutter/src/widgets/restoration.dart:929:5)
#10     RestorationMixin.didChangeDependencies (package:flutter/src/widgets/restoration.dart:915:7)
#11     _RouterState.didChangeDependencies (package:flutter/src/widgets/router.dart:715:11)
#12     StatefulElement._firstBuild (package:flutter/src/widgets/framework.dart:5968:11)
#13     ComponentElement.mount (package:flutter/src/widgets/framework.dart:5793:5)
...     Normal element mounting (371 frames)
#384    _UncontrolledProviderScopeElement.mount (package:flutter_riverpod/src/framework.dart:315:11)
...     Normal element mounting (9 frames)
#393    Element.inflateWidget (package:flutter/src/widgets/framework.dart:4587:20)
#394    Element.updateChild (package:flutter/src/widgets/framework.dart:4053:20)
#395    ComponentElement.performRebuild (package:flutter/src/widgets/framework.dart:5841:16)
#396    Element.rebuild (package:flutter/src/widgets/framework.dart:5529:7)
#397    ProxyElement.update (package:flutter/src/widgets/framework.dart:6149:5)
#398    _InheritedNotifierElement.update (package:flutter/src/widgets/inherited_notifier.dart:108:11)
#399    Element.updateChild (package:flutter/src/widgets/framework.dart:4037:15)
#400    ComponentElement.performRebuild (package:flutter/src/widgets/framework.dart:5841:16)
#401    StatefulElement.performRebuild (package:flutter/src/widgets/framework.dart:5982:11)
#402    Element.rebuild (package:flutter/src/widgets/framework.dart:5529:7)
#403    StatefulElement.update (package:flutter/src/widgets/framework.dart:6007:5)
#404    Element.updateChild (package:flutter/src/widgets/framework.dart:4037:15)
#405    ComponentElement.performRebuild (package:flutter/src/widgets/framework.dart:5841:16)
#406    Element.rebuild (package:flutter/src/widgets/framework.dart:5529:7)
#407    ProxyElement.update (package:flutter/src/widgets/framework.dart:6149:5)
#408    _InheritedNotifierElement.update (package:flutter/src/widgets/inherited_notifier.dart:108:11)
#409    Element.updateChild (package:flutter/src/widgets/framework.dart:4037:15)
#410    ComponentElement.performRebuild (package:flutter/src/widgets/framework.dart:5841:16)
#411    StatefulElement.performRebuild (package:flutter/src/widgets/framework.dart:5982:11)
#412    Element.rebuild (package:flutter/src/widgets/framework.dart:5529:7)
#413    StatefulElement.update (package:flutter/src/widgets/framework.dart:6007:5)
#414    Element.updateChild (package:flutter/src/widgets/framework.dart:4037:15)
#415    ComponentElement.performRebuild (package:flutter/src/widgets/framework.dart:5841:16)
#416    StatefulElement.performRebuild (package:flutter/src/widgets/framework.dart:5982:11)
#417    Element.rebuild (package:flutter/src/widgets/framework.dart:5529:7)
#418    StatefulElement.update (package:flutter/src/widgets/framework.dart:6007:5)
#419    Element.updateChild (package:flutter/src/widgets/framework.dart:4037:15)
#420    ComponentElement.performRebuild (package:flutter/src/widgets/framework.dart:5841:16)
#421    Element.rebuild (package:flutter/src/widgets/framework.dart:5529:7)
#422    ProxyElement.update (package:flutter/src/widgets/framework.dart:6149:5)
#423    Element.updateChild (package:flutter/src/widgets/framework.dart:4037:15)
#424    ComponentElement.performRebuild (package:flutter/src/widgets/framework.dart:5841:16)
#425    StatefulElement.performRebuild (package:flutter/src/widgets/framework.dart:5982:11)
#426    Element.rebuild (package:flutter/src/widgets/framework.dart:5529:7)
#427    StatefulElement.update (package:flutter/src/widgets/framework.dart:6007:5)
#428    Element.updateChild (package:flutter/src/widgets/framework.dart:4037:15)
#429    ComponentElement.performRebuild (package:flutter/src/widgets/framework.dart:5841:16)
#430    Element.rebuild (package:flutter/src/widgets/framework.dart:5529:7)
#431    ProxyElement.update (package:flutter/src/widgets/framework.dart:6149:5)
#432    Element.updateChild (package:flutter/src/widgets/framework.dart:4037:15)
#433    ComponentElement.performRebuild (package:flutter/src/widgets/framework.dart:5841:16)
#434    Element.rebuild (package:flutter/src/widgets/framework.dart:5529:7)
#435    ProxyElement.update (package:flutter/src/widgets/framework.dart:6149:5)
#436    Element.updateChild (package:flutter/src/widgets/framework.dart:4037:15)
#437    _RawViewElement._updateChild (package:flutter/src/widgets/view.dart:481:16)
#438    _RawViewElement.update (package:flutter/src/widgets/view.dart:568:5)
#439    Element.updateChild (package:flutter/src/widgets/framework.dart:4037:15)
#440    ComponentElement.performRebuild (package:flutter/src/widgets/framework.dart:5841:16)
#441    Element.rebuild (package:flutter/src/widgets/framework.dart:5529:7)
#442    StatelessElement.update (package:flutter/src/widgets/framework.dart:5895:5)
#443    Element.updateChild (package:flutter/src/widgets/framework.dart:4037:15)
#444    ComponentElement.performRebuild (package:flutter/src/widgets/framework.dart:5841:16)
#445    StatefulElement.performRebuild (package:flutter/src/widgets/framework.dart:5982:11)
#446    Element.rebuild (package:flutter/src/widgets/framework.dart:5529:7)
#447    StatefulElement.update (package:flutter/src/widgets/framework.dart:6007:5)
#448    Element.updateChild (package:flutter/src/widgets/framework.dart:4037:15)
#449    RootElement._rebuild (package:flutter/src/widgets/binding.dart:1821:16)
#450    RootElement.update (package:flutter/src/widgets/binding.dart:1799:5)
#451    RootElement.performRebuild (package:flutter/src/widgets/binding.dart:1813:7)
#452    Element.rebuild (package:flutter/src/widgets/framework.dart:5529:7)
#453    BuildScope._tryRebuild (package:flutter/src/widgets/framework.dart:2750:15)
#454    BuildScope._flushDirtyElements (package:flutter/src/widgets/framework.dart:2807:11)
#455    BuildOwner.buildScope (package:flutter/src/widgets/framework.dart:3111:18)
#456    AutomatedTestWidgetsFlutterBinding.drawFrame (package:flutter_test/src/binding.dart:2131:19)
#457    RendererBinding._handlePersistentFrameCallback (package:flutter/src/rendering/binding.dart:495:5)
#458    SchedulerBinding._invokeFrameCallback (package:flutter/src/scheduler/binding.dart:1430:15)
#459    SchedulerBinding.handleDrawFrame (package:flutter/src/scheduler/binding.dart:1345:9)
#460    AutomatedTestWidgetsFlutterBinding.pump.<anonymous closure> (package:flutter_test/src/binding.dart:1960:9)
#463    TestAsyncUtils.guard (package:flutter_test/src/test_async_utils.dart:74:41)
#464    AutomatedTestWidgetsFlutterBinding.pump (package:flutter_test/src/binding.dart:1949:27)
#465    WidgetTester.pumpWidget.<anonymous closure> (package:flutter_test/src/widget_tester.dart:598:22)
#468    TestAsyncUtils.guard (package:flutter_test/src/test_async_utils.dart:74:41)
#469    WidgetTester.pumpWidget (package:flutter_test/src/widget_tester.dart:595:27)
#470    main.<anonymous closure> (file:///D:/AndroidFiles/Projects/LocalSync3/test/widget_test.dart:16:18)
#471    testWidgets.<anonymous closure>.<anonymous closure> (package:flutter_test/src/widget_tester.dart:192:29)
#472    TestWidgetsFlutterBinding._runTestBody (package:flutter_test/src/binding.dart:1682:5)
#474    MethodChannelFirebase.app (package:firebase_core_platform_interface/src/method_channel/method_channel_firebase.dart:190:5)
#475    Firebase.app (package:firebase_core/src/firebase.dart:79:41)
#476    FirebaseAuth.instance (package:firebase_auth/src/firebase_auth.dart:38:47)
#477    AuthRepositoryImpl._auth (package:localsync/data/repositories/auth_repository_impl.dart:9:42)
#478    AuthRepositoryImpl.authStateChanges (package:localsync/data/repositories/auth_repository_impl.dart:18:7)
#479    authStateProvider.<anonymous closure> (package:localsync/presentation/providers/auth_provider.dart:11:44)
#480    ProviderElementBase.watch (package:riverpod/src/framework/element.dart:714:12)
#481    routerProvider.<anonymous closure> (package:localsync/core/navigation/app_router.dart:62:25)
#482    ProviderContainer.listen (package:riverpod/src/framework/container.dart:280:21)
#483    ConsumerStatefulElement.watch.<anonymous closure> (package:flutter_riverpod/src/consumer.dart:564:25)
#484    _LinkedHashMapMixin.putIfAbsent (dart:_compact_hash:675:23)
#485    ConsumerStatefulElement.watch (package:flutter_riverpod/src/consumer.dart:557:26)
#486    LocalSyncApp.build (package:localsync/main.dart:94:24)
#487    _ConsumerState.build (package:flutter_riverpod/src/consumer.dart:476:19)
#488    StatefulElement.build (package:flutter/src/widgets/framework.dart:5931:27)
#489    ConsumerStatefulElement.build (package:flutter_riverpod/src/consumer.dart:539:20)
#490    ComponentElement.performRebuild (package:flutter/src/widgets/framework.dart:5817:15)
#491    StatefulElement.performRebuild (package:flutter/src/widgets/framework.dart:5982:11)
#492    Element.rebuild (package:flutter/src/widgets/framework.dart:5529:7)
#493    ComponentElement._firstBuild (package:flutter/src/widgets/framework.dart:5799:5)
#494    StatefulElement._firstBuild (package:flutter/src/widgets/framework.dart:5973:11)
#495    ComponentElement.mount (package:flutter/src/widgets/framework.dart:5793:5)
...     Normal element mounting (7 frames)
#502    _UncontrolledProviderScopeElement.mount (package:flutter_riverpod/src/framework.dart:315:11)
...     Normal element mounting (9 frames)
#511    Element.inflateWidget (package:flutter/src/widgets/framework.dart:4587:20)
#512    Element.updateChild (package:flutter/src/widgets/framework.dart:4053:20)
#513    ComponentElement.performRebuild (package:flutter/src/widgets/framework.dart:5841:16)
#514    Element.rebuild (package:flutter/src/widgets/framework.dart:5529:7)
#515    ProxyElement.update (package:flutter/src/widgets/framework.dart:6149:5)
#516    _InheritedNotifierElement.update (package:flutter/src/widgets/inherited_notifier.dart:108:11)
#517    Element.updateChild (package:flutter/src/widgets/framework.dart:4037:15)
#518    ComponentElement.performRebuild (package:flutter/src/widgets/framework.dart:5841:16)
#519    StatefulElement.performRebuild (package:flutter/src/widgets/framework.dart:5982:11)
#520    Element.rebuild (package:flutter/src/widgets/framework.dart:5529:7)
#521    StatefulElement.update (package:flutter/src/widgets/framework.dart:6007:5)
#522    Element.updateChild (package:flutter/src/widgets/framework.dart:4037:15)
#523    ComponentElement.performRebuild (package:flutter/src/widgets/framework.dart:5841:16)
#524    Element.rebuild (package:flutter/src/widgets/framework.dart:5529:7)
#525    ProxyElement.update (package:flutter/src/widgets/framework.dart:6149:5)
#526    _InheritedNotifierElement.update (package:flutter/src/widgets/inherited_notifier.dart:108:11)
#527    Element.updateChild (package:flutter/src/widgets/framework.dart:4037:15)
#528    ComponentElement.performRebuild (package:flutter/src/widgets/framework.dart:5841:16)
#529    StatefulElement.performRebuild (package:flutter/src/widgets/framework.dart:5982:11)
#530    Element.rebuild (package:flutter/src/widgets/framework.dart:5529:7)
#531    StatefulElement.update (package:flutter/src/widgets/framework.dart:6007:5)
#532    Element.updateChild (package:flutter/src/widgets/framework.dart:4037:15)
#533    ComponentElement.performRebuild (package:flutter/src/widgets/framework.dart:5841:16)
#534    StatefulElement.performRebuild (package:flutter/src/widgets/framework.dart:5982:11)
#535    Element.rebuild (package:flutter/src/widgets/framework.dart:5529:7)
#536    StatefulElement.update (package:flutter/src/widgets/framework.dart:6007:5)
#537    Element.updateChild (package:flutter/src/widgets/framework.dart:4037:15)
#538    ComponentElement.performRebuild (package:flutter/src/widgets/framework.dart:5841:16)
#539    Element.rebuild (package:flutter/src/widgets/framework.dart:5529:7)
#540    ProxyElement.update (package:flutter/src/widgets/framework.dart:6149:5)
#541    Element.updateChild (package:flutter/src/widgets/framework.dart:4037:15)
#542    ComponentElement.performRebuild (package:flutter/src/widgets/framework.dart:5841:16)
#543    StatefulElement.performRebuild (package:flutter/src/widgets/framework.dart:5982:11)
#544    Element.rebuild (package:flutter/src/widgets/framework.dart:5529:7)
#545    StatefulElement.update (package:flutter/src/widgets/framework.dart:6007:5)
#546    Element.updateChild (package:flutter/src/widgets/framework.dart:4037:15)
#547    ComponentElement.performRebuild (package:flutter/src/widgets/framework.dart:5841:16)
#548    Element.rebuild (package:flutter/src/widgets/framework.dart:5529:7)
#549    ProxyElement.update (package:flutter/src/widgets/framework.dart:6149:5)
#550    Element.updateChild (package:flutter/src/widgets/framework.dart:4037:15)
#551    ComponentElement.performRebuild (package:flutter/src/widgets/framework.dart:5841:16)
#552    Element.rebuild (package:flutter/src/widgets/framework.dart:5529:7)
#553    ProxyElement.update (package:flutter/src/widgets/framework.dart:6149:5)
#554    Element.updateChild (package:flutter/src/widgets/framework.dart:4037:15)
#555    _RawViewElement._updateChild (package:flutter/src/widgets/view.dart:481:16)
#556    _RawViewElement.update (package:flutter/src/widgets/view.dart:568:5)
#557    Element.updateChild (package:flutter/src/widgets/framework.dart:4037:15)
#558    ComponentElement.performRebuild (package:flutter/src/widgets/framework.dart:5841:16)
#559    Element.rebuild (package:flutter/src/widgets/framework.dart:5529:7)
#560    StatelessElement.update (package:flutter/src/widgets/framework.dart:5895:5)
#561    Element.updateChild (package:flutter/src/widgets/framework.dart:4037:15)
#562    ComponentElement.performRebuild (package:flutter/src/widgets/framework.dart:5841:16)
#563    StatefulElement.performRebuild (package:flutter/src/widgets/framework.dart:5982:11)
#564    Element.rebuild (package:flutter/src/widgets/framework.dart:5529:7)
#565    StatefulElement.update (package:flutter/src/widgets/framework.dart:6007:5)
#566    Element.updateChild (package:flutter/src/widgets/framework.dart:4037:15)
#567    RootElement._rebuild (package:flutter/src/widgets/binding.dart:1821:16)
#568    RootElement.update (package:flutter/src/widgets/binding.dart:1799:5)
#569    RootElement.performRebuild (package:flutter/src/widgets/binding.dart:1813:7)
#570    Element.rebuild (package:flutter/src/widgets/framework.dart:5529:7)
#571    BuildScope._tryRebuild (package:flutter/src/widgets/framework.dart:2750:15)
#572    BuildScope._flushDirtyElements (package:flutter/src/widgets/framework.dart:2807:11)
#573    BuildOwner.buildScope (package:flutter/src/widgets/framework.dart:3111:18)
#574    AutomatedTestWidgetsFlutterBinding.drawFrame (package:flutter_test/src/binding.dart:2131:19)
#575    RendererBinding._handlePersistentFrameCallback (package:flutter/src/rendering/binding.dart:495:5)
#576    SchedulerBinding._invokeFrameCallback (package:flutter/src/scheduler/binding.dart:1430:15)
#577    SchedulerBinding.handleDrawFrame (package:flutter/src/scheduler/binding.dart:1345:9)
#578    AutomatedTestWidgetsFlutterBinding.pump.<anonymous closure> (package:flutter_test/src/binding.dart:1960:9)
#581    TestAsyncUtils.guard (package:flutter_test/src/test_async_utils.dart:74:41)
#582    AutomatedTestWidgetsFlutterBinding.pump (package:flutter_test/src/binding.dart:1949:27)
#583    WidgetTester.pumpWidget.<anonymous closure> (package:flutter_test/src/widget_tester.dart:598:22)
#586    TestAsyncUtils.guard (package:flutter_test/src/test_async_utils.dart:74:41)
#587    WidgetTester.pumpWidget (package:flutter_test/src/widget_tester.dart:595:27)
#588    main.<anonymous closure> (file:///D:/AndroidFiles/Projects/LocalSync3/test/widget_test.dart:16:18)
#589    testWidgets.<anonymous closure>.<anonymous closure> (package:flutter_test/src/widget_tester.dart:192:29)
#593    ProviderElementBase.watch (package:riverpod/src/framework/element.dart:714:12)
#594    routerProvider.<anonymous closure> (package:localsync/core/navigation/app_router.dart:62:25)
#595    ProviderContainer.listen (package:riverpod/src/framework/container.dart:280:21)
#596    ConsumerStatefulElement.watch.<anonymous closure> (package:flutter_riverpod/src/consumer.dart:564:25)
#597    _LinkedHashMapMixin.putIfAbsent (dart:_compact_hash:675:23)
#598    ConsumerStatefulElement.watch (package:flutter_riverpod/src/consumer.dart:557:26)
#599    LocalSyncApp.build (package:localsync/main.dart:94:24)
#600    _ConsumerState.build (package:flutter_riverpod/src/consumer.dart:476:19)
#601    StatefulElement.build (package:flutter/src/widgets/framework.dart:5931:27)
#602    ConsumerStatefulElement.build (package:flutter_riverpod/src/consumer.dart:539:20)
#603    ComponentElement.performRebuild (package:flutter/src/widgets/framework.dart:5817:15)
#604    StatefulElement.performRebuild (package:flutter/src/widgets/framework.dart:5982:11)
#605    Element.rebuild (package:flutter/src/widgets/framework.dart:5529:7)
#606    ComponentElement._firstBuild (package:flutter/src/widgets/framework.dart:5799:5)
#607    StatefulElement._firstBuild (package:flutter/src/widgets/framework.dart:5973:11)
#608    ComponentElement.mount (package:flutter/src/widgets/framework.dart:5793:5)
...     Normal element mounting (7 frames)
#615    _UncontrolledProviderScopeElement.mount (package:flutter_riverpod/src/framework.dart:315:11)
...     Normal element mounting (9 frames)
#624    Element.inflateWidget (package:flutter/src/widgets/framework.dart:4587:20)
#625    Element.updateChild (package:flutter/src/widgets/framework.dart:4053:20)
#626    ComponentElement.performRebuild (package:flutter/src/widgets/framework.dart:5841:16)
#627    Element.rebuild (package:flutter/src/widgets/framework.dart:5529:7)
#628    ProxyElement.update (package:flutter/src/widgets/framework.dart:6149:5)
#629    _InheritedNotifierElement.update (package:flutter/src/widgets/inherited_notifier.dart:108:11)
#630    Element.updateChild (package:flutter/src/widgets/framework.dart:4037:15)
#631    ComponentElement.performRebuild (package:flutter/src/widgets/framework.dart:5841:16)
#632    StatefulElement.performRebuild (package:flutter/src/widgets/framework.dart:5982:11)
#633    Element.rebuild (package:flutter/src/widgets/framework.dart:5529:7)
#634    StatefulElement.update (package:flutter/src/widgets/framework.dart:6007:5)
#635    Element.updateChild (package:flutter/src/widgets/framework.dart:4037:15)
#636    ComponentElement.performRebuild (package:flutter/src/widgets/framework.dart:5841:16)
#637    Element.rebuild (package:flutter/src/widgets/framework.dart:5529:7)
#638    ProxyElement.update (package:flutter/src/widgets/framework.dart:6149:5)
#639    _InheritedNotifierElement.update (package:flutter/src/widgets/inherited_notifier.dart:108:11)
#640    Element.updateChild (package:flutter/src/widgets/framework.dart:4037:15)
#641    ComponentElement.performRebuild (package:flutter/src/widgets/framework.dart:5841:16)
#642    StatefulElement.performRebuild (package:flutter/src/widgets/framework.dart:5982:11)
#643    Element.rebuild (package:flutter/src/widgets/framework.dart:5529:7)
#644    StatefulElement.update (package:flutter/src/widgets/framework.dart:6007:5)
#645    Element.updateChild (package:flutter/src/widgets/framework.dart:4037:15)
#646    ComponentElement.performRebuild (package:flutter/src/widgets/framework.dart:5841:16)
#647    StatefulElement.performRebuild (package:flutter/src/widgets/framework.dart:5982:11)
#648    Element.rebuild (package:flutter/src/widgets/framework.dart:5529:7)
#649    StatefulElement.update (package:flutter/src/widgets/framework.dart:6007:5)
#650    Element.updateChild (package:flutter/src/widgets/framework.dart:4037:15)
#651    ComponentElement.performRebuild (package:flutter/src/widgets/framework.dart:5841:16)
#652    Element.rebuild (package:flutter/src/widgets/framework.dart:5529:7)
#653    ProxyElement.update (package:flutter/src/widgets/framework.dart:6149:5)
#654    Element.updateChild (package:flutter/src/widgets/framework.dart:4037:15)
#655    ComponentElement.performRebuild (package:flutter/src/widgets/framework.dart:5841:16)
#656    StatefulElement.performRebuild (package:flutter/src/widgets/framework.dart:5982:11)
#657    Element.rebuild (package:flutter/src/widgets/framework.dart:5529:7)
#658    StatefulElement.update (package:flutter/src/widgets/framework.dart:6007:5)
#659    Element.updateChild (package:flutter/src/widgets/framework.dart:4037:15)
#660    ComponentElement.performRebuild (package:flutter/src/widgets/framework.dart:5841:16)
#661    Element.rebuild (package:flutter/src/widgets/framework.dart:5529:7)
#662    ProxyElement.update (package:flutter/src/widgets/framework.dart:6149:5)
#663    Element.updateChild (package:flutter/src/widgets/framework.dart:4037:15)
#664    ComponentElement.performRebuild (package:flutter/src/widgets/framework.dart:5841:16)
#665    Element.rebuild (package:flutter/src/widgets/framework.dart:5529:7)
#666    ProxyElement.update (package:flutter/src/widgets/framework.dart:6149:5)
#667    Element.updateChild (package:flutter/src/widgets/framework.dart:4037:15)
#668    _RawViewElement._updateChild (package:flutter/src/widgets/view.dart:481:16)
#669    _RawViewElement.update (package:flutter/src/widgets/view.dart:568:5)
#670    Element.updateChild (package:flutter/src/widgets/framework.dart:4037:15)
#671    ComponentElement.performRebuild (package:flutter/src/widgets/framework.dart:5841:16)
#672    Element.rebuild (package:flutter/src/widgets/framework.dart:5529:7)
#673    StatelessElement.update (package:flutter/src/widgets/framework.dart:5895:5)
#674    Element.updateChild (package:flutter/src/widgets/framework.dart:4037:15)
#675    ComponentElement.performRebuild (package:flutter/src/widgets/framework.dart:5841:16)
#676    StatefulElement.performRebuild (package:flutter/src/widgets/framework.dart:5982:11)
#677    Element.rebuild (package:flutter/src/widgets/framework.dart:5529:7)
#678    StatefulElement.update (package:flutter/src/widgets/framework.dart:6007:5)
#679    Element.updateChild (package:flutter/src/widgets/framework.dart:4037:15)
#680    RootElement._rebuild (package:flutter/src/widgets/binding.dart:1821:16)
#681    RootElement.update (package:flutter/src/widgets/binding.dart:1799:5)
#682    RootElement.performRebuild (package:flutter/src/widgets/binding.dart:1813:7)
#683    Element.rebuild (package:flutter/src/widgets/framework.dart:5529:7)
#684    BuildScope._tryRebuild (package:flutter/src/widgets/framework.dart:2750:15)
#685    BuildScope._flushDirtyElements (package:flutter/src/widgets/framework.dart:2807:11)
#686    BuildOwner.buildScope (package:flutter/src/widgets/framework.dart:3111:18)
#687    AutomatedTestWidgetsFlutterBinding.drawFrame (package:flutter_test/src/binding.dart:2131:19)
#688    RendererBinding._handlePersistentFrameCallback (package:flutter/src/rendering/binding.dart:495:5)
#689    SchedulerBinding._invokeFrameCallback (package:flutter/src/scheduler/binding.dart:1430:15)
#690    SchedulerBinding.handleDrawFrame (package:flutter/src/scheduler/binding.dart:1345:9)
#691    AutomatedTestWidgetsFlutterBinding.pump.<anonymous closure> (package:flutter_test/src/binding.dart:1960:9)
#694    TestAsyncUtils.guard (package:flutter_test/src/test_async_utils.dart:74:41)
#695    AutomatedTestWidgetsFlutterBinding.pump (package:flutter_test/src/binding.dart:1949:27)
#696    WidgetTester.pumpWidget.<anonymous closure> (package:flutter_test/src/widget_tester.dart:598:22)
#699    TestAsyncUtils.guard (package:flutter_test/src/test_async_utils.dart:74:41)
#700    WidgetTester.pumpWidget (package:flutter_test/src/widget_tester.dart:595:27)
#701    main.<anonymous closure> (file:///D:/AndroidFiles/Projects/LocalSync3/test/widget_test.dart:16:18)
#702    testWidgets.<anonymous closure>.<anonymous closure> (package:flutter_test/src/widget_tester.dart:192:29)
#704    testWidgets.<anonymous closure>.<anonymous closure> (package:flutter_test/src/widget_tester.dart:189:25)
#705    TestWidgetsFlutterBinding._runTestBody (package:flutter_test/src/binding.dart:1682:19)
#707    TestWidgetsFlutterBinding._runTestBody (package:flutter_test/src/binding.dart:1671:5)
#710    TestWidgetsFlutterBinding._runTest (package:flutter_test/src/binding.dart:1656:10)
#711    AutomatedTestWidgetsFlutterBinding.runTest.<anonymous closure> (package:flutter_test/src/binding.dart:2189:24)
#712    FakeAsync.run.<anonymous closure>.<anonymous closure> (package:fake_async/fake_async.dart:182:47)
#717    withClock (package:clock/src/default.dart:52:10)
#718    FakeAsync.run.<anonymous closure> (package:fake_async/fake_async.dart:182:15)
#723    FakeAsync.run (package:fake_async/fake_async.dart:181:52)
#724    AutomatedTestWidgetsFlutterBinding.runTest (package:flutter_test/src/binding.dart:2186:15)
#725    testWidgets.<anonymous closure> (package:flutter_test/src/widget_tester.dart:184:24)
#726    Declarer.test.<anonymous closure>.<anonymous closure> (package:test_api/src/backend/declarer.dart:253:25)
#728    Declarer.test.<anonymous closure>.<anonymous closure> (package:test_api/src/backend/declarer.dart:252:15)
#733    Declarer.test.<anonymous closure> (package:test_api/src/backend/declarer.dart:250:17)
#734    Invoker._waitForOutstandingCallbacks.<anonymous closure> (package:test_api/src/backend/invoker.dart:318:17)
#739    Invoker._waitForOutstandingCallbacks (package:test_api/src/backend/invoker.dart:314:5)
#740    Invoker._onRun.<anonymous closure>.<anonymous closure>.<anonymous closure> (package:test_api/src/backend/invoker.dart:457:21)
#742    Invoker._onRun.<anonymous closure>.<anonymous closure>.<anonymous closure> (package:test_api/src/backend/invoker.dart:455:15)
#747    Invoker._onRun.<anonymous closure>.<anonymous closure> (package:test_api/src/backend/invoker.dart:445:11)
#748    Invoker._guardIfGuarded (package:test_api/src/backend/invoker.dart:500:15)
#749    Invoker._onRun.<anonymous closure> (package:test_api/src/backend/invoker.dart:444:9)
#756    Invoker._onRun (package:test_api/src/backend/invoker.dart:442:11)
#757    LiveTestController.run (package:test_api/src/backend/live_test_controller.dart:161:11)
#758    RemoteListener._runLiveTest.<anonymous closure> (package:test_api/src/backend/remote_listener.dart:323:16)
#763    RemoteListener._runLiveTest (package:test_api/src/backend/remote_listener.dart:322:5)
#764    RemoteListener._serializeTest.<anonymous closure> (package:test_api/src/backend/remote_listener.dart:263:7)
#782    _GuaranteeSink.add (package:stream_channel/src/guarantee_channel.dart:125:12)
#783    new _MultiChannel.<anonymous closure> (package:stream_channel/src/multi_channel.dart:159:31)
#785    CastStreamSubscription._onData (dart:_internal/async_cast.dart:95:11)
#811    new _WebSocketImpl._fromSocket.<anonymous closure> (dart:_http/websocket_impl.dart:1252:27)
#817    _WebSocketProtocolTransformer._messageFrameEnd (dart:_http/websocket_impl.dart:348:23)
#818    _WebSocketProtocolTransformer.add (dart:_http/websocket_impl.dart:238:46)
#826    _Socket._onData (dart:io-patch/socket_patch.dart:2874:41)
#833    new _RawSocket.<anonymous closure> (dart:io-patch/socket_patch.dart:2312:31)
#834    _NativeSocket.issueReadEvent.issue (dart:io-patch/socket_patch.dart:1647:14)
(elided 115 frames from dart:async and package:stack_trace)

════════════════════════════════════════════════════════════════════════════════════════════════════
00:00 +0 -1: App smoke test [E]
  Test failed. See exception logs above.
  The test description was: App smoke test
  
00:00 +0 -1: Some tests failed.
